
Terraform used the selected providers to generate the following execution
plan. Resource actions are indicated with the following symbols:
  [32m+[0m create[0m

Terraform will perform the following actions:

[1m  # azurerm_linux_virtual_machine.vm[0m will be created
[0m  [32m+[0m[0m resource "azurerm_linux_virtual_machine" "vm" {
      [32m+[0m[0m admin_username                                         = "azureuser"
      [32m+[0m[0m allow_extension_operations                             = true
      [32m+[0m[0m bypass_platform_safety_checks_on_user_schedule_enabled = false
      [32m+[0m[0m computer_name                                          = (known after apply)
      [32m+[0m[0m disable_password_authentication                        = true
      [32m+[0m[0m disk_controller_type                                   = (known after apply)
      [32m+[0m[0m extensions_time_budget                                 = "PT1H30M"
      [32m+[0m[0m id                                                     = (known after apply)
      [32m+[0m[0m location                                               = "eastus"
      [32m+[0m[0m max_bid_price                                          = -1
      [32m+[0m[0m name                                                   = "capstone-vm"
      [32m+[0m[0m network_interface_ids                                  = (known after apply)
      [32m+[0m[0m patch_assessment_mode                                  = "ImageDefault"
      [32m+[0m[0m patch_mode                                             = "ImageDefault"
      [32m+[0m[0m platform_fault_domain                                  = -1
      [32m+[0m[0m priority                                               = "Regular"
      [32m+[0m[0m private_ip_address                                     = (known after apply)
      [32m+[0m[0m private_ip_addresses                                   = (known after apply)
      [32m+[0m[0m provision_vm_agent                                     = true
      [32m+[0m[0m public_ip_address                                      = (known after apply)
      [32m+[0m[0m public_ip_addresses                                    = (known after apply)
      [32m+[0m[0m resource_group_name                                    = "capstone-rg"
      [32m+[0m[0m size                                                   = "Standard_B1ms"
      [32m+[0m[0m virtual_machine_id                                     = (known after apply)
      [32m+[0m[0m vm_agent_platform_updates_enabled                      = false

      [32m+[0m[0m admin_ssh_key {
          [32m+[0m[0m public_key = <<-EOT
                ssh-rsa AAAAB3NzaC1yc2EAAAADAQABAAACAQDpxrmGEpwndkwOW/Irn5C10ogULmgVIbxcmgrl0GmArt6sL6zU8HYTj+N7vljmfRxdGThfDS6zNFSqp3kuI6SnFNSTP31N/hr2+v+A0WYjWDXRf9vUtSm68KWPmYO0fA9nU6slvC6HRXVnb4wATkL3alnK1PqVmVwnYdIfTJJcSTwoAW1HEH9rAOtg3UqQKMgk6hhrHf1qEQje+5i9RO4CgGHfYO8N/CRnV7O/E82PULIpTP84yuAmxrZC0jNNLuNbyKS28DJYiJhrMJnHcOfkj2bf8YjmQtt0Ci8B+CcZLz94qr8ECZ8I1JE59I75syw5JJ26dPJfShG+60dvOZzdjrOOJG6lku5BMMFx+bfPGh2RmAkc50gsCXkPAHaT+rDXvkUCbFW2g6VxvQjylhpIVZA5HmPvMF/EP2Jht1quyl6LHeqqjwcsP6fYb7t4f9QvXK9NeoSvckVEd/+T8BuxxlTfKRVd385cXXnFlf4jOV8NsOdH+IHlSZFEoYua+hobuBTnwt3j/l6hfb6ykDNPkgHEV/FQ6dppUSlpBhhmJugPbBahXf0LOuRlNhnbuN4gVdYUguT5LFtYqd4MqcdVeQd8gXmpI40f5ZfmGwZDzoa2h7rv2wNNa9aHJGbL3xLFdpG46NW5q/HwOFc+2nCplbJ1AQDr/Pv9pIzYBDWp6w== suman023@Punisher023
            EOT
          [32m+[0m[0m username   = "azureuser"
        }

      [32m+[0m[0m os_disk {
          [32m+[0m[0m caching                   = "ReadWrite"
          [32m+[0m[0m disk_size_gb              = (known after apply)
          [32m+[0m[0m name                      = (known after apply)
          [32m+[0m[0m storage_account_type      = "Standard_LRS"
          [32m+[0m[0m write_accelerator_enabled = false
        }

      [32m+[0m[0m source_image_reference {
          [32m+[0m[0m offer     = "0001-com-ubuntu-server-jammy"
          [32m+[0m[0m publisher = "Canonical"
          [32m+[0m[0m sku       = "22_04-lts"
          [32m+[0m[0m version   = "latest"
        }

      [32m+[0m[0m termination_notification (known after apply)
    }

[1m  # azurerm_network_interface.nic[0m will be created
[0m  [32m+[0m[0m resource "azurerm_network_interface" "nic" {
      [32m+[0m[0m accelerated_networking_enabled = (known after apply)
      [32m+[0m[0m applied_dns_servers            = (known after apply)
      [32m+[0m[0m dns_servers                    = (known after apply)
      [32m+[0m[0m enable_accelerated_networking  = (known after apply)
      [32m+[0m[0m enable_ip_forwarding           = (known after apply)
      [32m+[0m[0m id                             = (known after apply)
      [32m+[0m[0m internal_domain_name_suffix    = (known after apply)
      [32m+[0m[0m ip_forwarding_enabled          = (known after apply)
      [32m+[0m[0m location                       = "eastus"
      [32m+[0m[0m mac_address                    = (known after apply)
      [32m+[0m[0m name                           = "capstone-nic"
      [32m+[0m[0m private_ip_address             = (known after apply)
      [32m+[0m[0m private_ip_addresses           = (known after apply)
      [32m+[0m[0m resource_group_name            = "capstone-rg"
      [32m+[0m[0m virtual_machine_id             = (known after apply)

      [32m+[0m[0m ip_configuration {
          [32m+[0m[0m gateway_load_balancer_frontend_ip_configuration_id = (known after apply)
          [32m+[0m[0m name                                               = "internal"
          [32m+[0m[0m primary                                            = (known after apply)
          [32m+[0m[0m private_ip_address                                 = (known after apply)
          [32m+[0m[0m private_ip_address_allocation                      = "Dynamic"
          [32m+[0m[0m private_ip_address_version                         = "IPv4"
          [32m+[0m[0m public_ip_address_id                               = (known after apply)
          [32m+[0m[0m subnet_id                                          = (known after apply)
        }
    }

[1m  # azurerm_network_interface_security_group_association.nic_nsg[0m will be created
[0m  [32m+[0m[0m resource "azurerm_network_interface_security_group_association" "nic_nsg" {
      [32m+[0m[0m id                        = (known after apply)
      [32m+[0m[0m network_interface_id      = (known after apply)
      [32m+[0m[0m network_security_group_id = (known after apply)
    }

[1m  # azurerm_network_security_group.nsg[0m will be created
[0m  [32m+[0m[0m resource "azurerm_network_security_group" "nsg" {
      [32m+[0m[0m id                  = (known after apply)
      [32m+[0m[0m location            = "eastus"
      [32m+[0m[0m name                = "capstone-nsg"
      [32m+[0m[0m resource_group_name = "capstone-rg"
      [32m+[0m[0m security_rule       = [
          [32m+[0m[0m {
              [32m+[0m[0m access                                     = "Allow"
              [32m+[0m[0m destination_address_prefix                 = "*"
              [32m+[0m[0m destination_address_prefixes               = []
              [32m+[0m[0m destination_application_security_group_ids = []
              [32m+[0m[0m destination_port_range                     = "22"
              [32m+[0m[0m destination_port_ranges                    = []
              [32m+[0m[0m direction                                  = "Inbound"
              [32m+[0m[0m name                                       = "allow-ssh"
              [32m+[0m[0m priority                                   = 100
              [32m+[0m[0m protocol                                   = "Tcp"
              [32m+[0m[0m source_address_prefix                      = "*"
              [32m+[0m[0m source_address_prefixes                    = []
              [32m+[0m[0m source_application_security_group_ids      = []
              [32m+[0m[0m source_port_range                          = "*"
              [32m+[0m[0m source_port_ranges                         = []
                [90m# (1 unchanged attribute hidden)[0m[0m
            },
          [32m+[0m[0m {
              [32m+[0m[0m access                                     = "Allow"
              [32m+[0m[0m destination_address_prefix                 = "*"
              [32m+[0m[0m destination_address_prefixes               = []
              [32m+[0m[0m destination_application_security_group_ids = []
              [32m+[0m[0m destination_port_range                     = "80"
              [32m+[0m[0m destination_port_ranges                    = []
              [32m+[0m[0m direction                                  = "Inbound"
              [32m+[0m[0m name                                       = "allow-http"
              [32m+[0m[0m priority                                   = 110
              [32m+[0m[0m protocol                                   = "Tcp"
              [32m+[0m[0m source_address_prefix                      = "*"
              [32m+[0m[0m source_address_prefixes                    = []
              [32m+[0m[0m source_application_security_group_ids      = []
              [32m+[0m[0m source_port_range                          = "*"
              [32m+[0m[0m source_port_ranges                         = []
                [90m# (1 unchanged attribute hidden)[0m[0m
            },
        ]
    }

[1m  # azurerm_public_ip.pip[0m will be created
[0m  [32m+[0m[0m resource "azurerm_public_ip" "pip" {
      [32m+[0m[0m allocation_method       = "Static"
      [32m+[0m[0m ddos_protection_mode    = "VirtualNetworkInherited"
      [32m+[0m[0m fqdn                    = (known after apply)
      [32m+[0m[0m id                      = (known after apply)
      [32m+[0m[0m idle_timeout_in_minutes = 4
      [32m+[0m[0m ip_address              = (known after apply)
      [32m+[0m[0m ip_version              = "IPv4"
      [32m+[0m[0m location                = "eastus"
      [32m+[0m[0m name                    = "capstone-pip"
      [32m+[0m[0m resource_group_name     = "capstone-rg"
      [32m+[0m[0m sku                     = "Basic"
      [32m+[0m[0m sku_tier                = "Regional"
    }

[1m  # azurerm_resource_group.rg[0m will be created
[0m  [32m+[0m[0m resource "azurerm_resource_group" "rg" {
      [32m+[0m[0m id       = (known after apply)
      [32m+[0m[0m location = "eastus"
      [32m+[0m[0m name     = "capstone-rg"
    }

[1m  # azurerm_subnet.subnet[0m will be created
[0m  [32m+[0m[0m resource "azurerm_subnet" "subnet" {
      [32m+[0m[0m address_prefixes                               = [
          [32m+[0m[0m "10.1.1.0/24",
        ]
      [32m+[0m[0m default_outbound_access_enabled                = true
      [32m+[0m[0m enforce_private_link_endpoint_network_policies = (known after apply)
      [32m+[0m[0m enforce_private_link_service_network_policies  = (known after apply)
      [32m+[0m[0m id                                             = (known after apply)
      [32m+[0m[0m name                                           = "capstone-subnet"
      [32m+[0m[0m private_endpoint_network_policies              = (known after apply)
      [32m+[0m[0m private_endpoint_network_policies_enabled      = (known after apply)
      [32m+[0m[0m private_link_service_network_policies_enabled  = (known after apply)
      [32m+[0m[0m resource_group_name                            = "capstone-rg"
      [32m+[0m[0m virtual_network_name                           = "capstone-vnet"
    }

[1m  # azurerm_virtual_network.vnet[0m will be created
[0m  [32m+[0m[0m resource "azurerm_virtual_network" "vnet" {
      [32m+[0m[0m address_space       = [
          [32m+[0m[0m "10.1.0.0/16",
        ]
      [32m+[0m[0m dns_servers         = (known after apply)
      [32m+[0m[0m guid                = (known after apply)
      [32m+[0m[0m id                  = (known after apply)
      [32m+[0m[0m location            = "eastus"
      [32m+[0m[0m name                = "capstone-vnet"
      [32m+[0m[0m resource_group_name = "capstone-rg"
      [32m+[0m[0m subnet              = (known after apply)
    }

[1mPlan:[0m [0m8 to add, 0 to change, 0 to destroy.

Changes to Outputs:
  [32m+[0m[0m azure_vm_public_ip = (known after apply)
[0m[1mazurerm_resource_group.rg: Creating...[0m[0m
[0m[1mazurerm_resource_group.rg: Still creating... [00m10s elapsed][0m[0m
[0m[1mazurerm_resource_group.rg: Creation complete after 15s [id=/subscriptions/677c3eed-b684-4824-9f98-f4ccd8bed010/resourceGroups/capstone-rg][0m
[0m[1mazurerm_virtual_network.vnet: Creating...[0m[0m
[0m[1mazurerm_public_ip.pip: Creating...[0m[0m
[0m[1mazurerm_network_security_group.nsg: Creating...[0m[0m
[0m[1mazurerm_public_ip.pip: Creation complete after 4s [id=/subscriptions/677c3eed-b684-4824-9f98-f4ccd8bed010/resourceGroups/capstone-rg/providers/Microsoft.Network/publicIPAddresses/capstone-pip][0m
[0m[1mazurerm_virtual_network.vnet: Creation complete after 7s [id=/subscriptions/677c3eed-b684-4824-9f98-f4ccd8bed010/resourceGroups/capstone-rg/providers/Microsoft.Network/virtualNetworks/capstone-vnet][0m
[0m[1mazurerm_subnet.subnet: Creating...[0m[0m
[0m[1mazurerm_network_security_group.nsg: Creation complete after 7s [id=/subscriptions/677c3eed-b684-4824-9f98-f4ccd8bed010/resourceGroups/capstone-rg/providers/Microsoft.Network/networkSecurityGroups/capstone-nsg][0m
[0m[1mazurerm_subnet.subnet: Creation complete after 6s [id=/subscriptions/677c3eed-b684-4824-9f98-f4ccd8bed010/resourceGroups/capstone-rg/providers/Microsoft.Network/virtualNetworks/capstone-vnet/subnets/capstone-subnet][0m
[0m[1mazurerm_network_interface.nic: Creating...[0m[0m
[0m[1mazurerm_network_interface.nic: Creation complete after 7s [id=/subscriptions/677c3eed-b684-4824-9f98-f4ccd8bed010/resourceGroups/capstone-rg/providers/Microsoft.Network/networkInterfaces/capstone-nic][0m
[0m[1mazurerm_network_interface_security_group_association.nic_nsg: Creating...[0m[0m
[0m[1mazurerm_linux_virtual_machine.vm: Creating...[0m[0m
[0m[1mazurerm_network_interface_security_group_association.nic_nsg: Creation complete after 4s [id=/subscriptions/677c3eed-b684-4824-9f98-f4ccd8bed010/resourceGroups/capstone-rg/providers/Microsoft.Network/networkInterfaces/capstone-nic|/subscriptions/677c3eed-b684-4824-9f98-f4ccd8bed010/resourceGroups/capstone-rg/providers/Microsoft.Network/networkSecurityGroups/capstone-nsg][0m
[0m[1mazurerm_linux_virtual_machine.vm: Still creating... [00m10s elapsed][0m[0m
[0m[1mazurerm_linux_virtual_machine.vm: Still creating... [00m20s elapsed][0m[0m
[0m[1mazurerm_linux_virtual_machine.vm: Still creating... [00m33s elapsed][0m[0m
[0m[1mazurerm_linux_virtual_machine.vm: Still creating... [00m43s elapsed][0m[0m
[0m[1mazurerm_linux_virtual_machine.vm: Still creating... [00m53s elapsed][0m[0m
[0m[1mazurerm_linux_virtual_machine.vm: Creation complete after 56s [id=/subscriptions/677c3eed-b684-4824-9f98-f4ccd8bed010/resourceGroups/capstone-rg/providers/Microsoft.Compute/virtualMachines/capstone-vm][0m
[0m[1m[32m
Apply complete! Resources: 8 added, 0 changed, 0 destroyed.[0m
[0m[1m[32m
Outputs:

[0mazure_vm_public_ip = "20.127.104.55"
